#-----------------------------------------------------------
# Vivado v2021.2 (64-bit)
# SW Build 3367213 on Tue Oct 19 02:48:09 MDT 2021
# IP Build 3369179 on Thu Oct 21 08:25:16 MDT 2021
# Start of session at: Fri May 20 17:58:27 2022
# Process ID: 12780
# Current directory: E:/Carpetas Familiares/Celular Daniel/Daniel/Universidad EIA/Semestre Trabajo de Grado/Desarrollo/Verificación TGI/Pasos 1 Noviembre 17 2021/TesisV3/Prueba
# Command line: vivado.exe -gui_launcher_event rodinguilauncherevent9152 E:\Carpetas Familiares\Celular Daniel\Daniel\Universidad EIA\Semestre Trabajo de Grado\Desarrollo\Verificación TGI\Pasos 1 Noviembre 17 2021\TesisV3\Prueba\Prueba.xpr
# Log file: E:/Carpetas Familiares/Celular Daniel/Daniel/Universidad EIA/Semestre Trabajo de Grado/Desarrollo/Verificación TGI/Pasos 1 Noviembre 17 2021/TesisV3/Prueba/vivado.log
# Journal file: E:/Carpetas Familiares/Celular Daniel/Daniel/Universidad EIA/Semestre Trabajo de Grado/Desarrollo/Verificación TGI/Pasos 1 Noviembre 17 2021/TesisV3/Prueba\vivado.jou
# Running On: DESKTOP-Q4APND1, OS: Windows, CPU Frequency: 3408 MHz, CPU Physical cores: 4, Host memory: 8521 MB
#-----------------------------------------------------------
start_gui
